//添加远程库
//远程库添加到github上

//如果出现问题   https://blog.csdn.net/iiiliuyang/article/details/104203197
git@github.com: Permission denied (publickey). fatal: 无法读取远程仓库。请确认您有正确的访问权限并且仓库存在。
上网查询，发现是密钥设置的不对

解决办法：

1.首先检查有没有在GitHub的https://github.com/settings/keys上添加你本机的SSH key。注意换了电脑是要重新添加的，每台都不一样。添加SSH key的方法：
（1）在用户主目录下，看看有没有.ssh目录，如果有，再看看这个目录下有没有id_rsa和id_rsa.pub这两个文件，如果已经有了，可直接跳到下一步。如果没有，打开Shell（Windows下打开Git Bash），创建SSH Key：
$ ssh-keygen -t rsa -C "youremail@example.com"

（2）登录GitHub，打开“Account settings”，“SSH Keys”页面：

如果添加了还是出现这个问题，那么问题大概率就定位在了你本机的这个git仓库并没有和这个SSH key 关联上。用下述方法解决：

把库连接到github
$ git remote add origin git@github.com:ssshengh/useGit.git
//第一次上传
$ git push -u origin master
//以后上传
$ git push origin master  //把本地master分支的最新修改推至github，拥有了分支版本库


//从远程库克隆
$ git clone git@github.com:ssshengh/库的名字


